# Base Sepolia (84532) — npm run config:features:basesepolia (WRITE=true)
# Operator transcript 2026-05-11. Command shows --network baseSepolia.

> gmx-synthetics@1.0.0 config:features:basesepolia
> WRITE=true IS_DISABLED=true TARGET_DISABLED_STATE=true RUN_ORDER_FEATURE_REDACTION=true RUN_POOL_RISK_GUARDS=true RUN_SHIFT_FEATURES=true RUN_JIT_FEATURE=true RUN_SUBACCOUNT_FEATURE=true RUN_GASLESS_FEATURE=true RUN_ATOMIC_WITHDRAWAL_FEATURE=true RUN_FEATURE_VALIDATIONS=true npx hardhat run scripts/configs/index.ts --network baseSepolia

Running config orchestrator...
OrderHandler: 0x912a128ae109D06DB24221a029b9E0d735461EAD
ConfigKeeper: 0x6DdBBB0834084185BeF7Bd1567E835E44683600D
Disable value: true
Prepared 5 create-order feature updates
- CREATE_ORDER_FEATURE_DISABLED MarketSwap
- CREATE_ORDER_FEATURE_DISABLED LimitSwap
- CREATE_ORDER_FEATURE_DISABLED StopLossDecrease
- CREATE_ORDER_FEATURE_DISABLED LimitIncrease
- CREATE_ORDER_FEATURE_DISABLED LimitDecrease
callStatic passed
tx sent: 0xd50fc876e67d09b6004d00c4bfd7d10e8447fa59363683219bb49956bedaca55
tx mined
OrderHandler: 0x912a128ae109D06DB24221a029b9E0d735461EAD
ConfigKeeper: 0x6DdBBB0834084185BeF7Bd1567E835E44683600D
Disable value: true
Prepared 5 execute-order feature updates
- EXECUTE_ORDER_FEATURE_DISABLED MarketSwap
- EXECUTE_ORDER_FEATURE_DISABLED LimitSwap
- EXECUTE_ORDER_FEATURE_DISABLED StopLossDecrease
- EXECUTE_ORDER_FEATURE_DISABLED LimitIncrease
- EXECUTE_ORDER_FEATURE_DISABLED LimitDecrease
callStatic passed
tx sent: 0xe01d8af6fb0a3acbb2bb042491c34752c60507c6047c12ce893b259ea3e2c828
tx mined
Preparing pool risk guard updates for JPY [USDC-USDC] (0x96E68269027A91e6068302566D9fd63D02cdC252)
Preparing pool risk guard updates for GBP [USDC-USDC] (0x090aAF3eee5f64140e2F752a9f568a49A985ffD9)
Preparing pool risk guard updates for BRL [USDC-USDC] (0xa9BA14655291C7013E80D299B996D950B242Fe26)
Preparing pool risk guard updates for MXN [USDC-USDC] (0x0A6391f0AfBA469Bd589861c7dE571de17808832)
Preparing pool risk guard updates for COP [USDC-USDC] (0x9b7ab45D05ce20ad83030836497834f419aC8F5a)
Preparing inactive-market disable update for IDR [USDC-USDC] (0xAEA3cc038A6537b8F83867178608a686673A382F)
Preparing inactive-market disable update for PHP [USDC-USDC] (0xf8AEdcBd70910142e2bF77B3Da499bCd29AD8c76)
Preparing inactive-market disable update for PEN [USDC-USDC] (0x6212e6393c0c813a3BB6fBD6362Ee06bdfE21402)
Preparing inactive-market disable update for NGN [USDC-USDC] (0xDa90999FF8f10611231377B52aF3C66392700EF0)
Preparing inactive-market disable update for KES [USDC-USDC] (0xB09aB4037EE5aF53ee9D50C0284a2591EA2AE661)
Preparing inactive-market disable update for ZAR [USDC-USDC] (0xD37DE38B20f7C5BBDeE62aE8e91Dc554e0E2997c)
Preparing inactive-market disable update for THB [USDC-USDC] (0x0bD9069f2E2190279b00008494576e7B4Ee059F8)
ConfigKeeper: 0x6DdBBB0834084185BeF7Bd1567E835E44683600D
Selected active markets for caps/min: 5
Selected inactive markets for disable: 7
Prepared config calls: 32
callStatic passed
tx sent: 0x6d7943abd2cbfd5bebaa436d9d54c227bc9a9a08166079fceb62b916a4714d28
tx mined
ConfigKeeper: 0x6DdBBB0834084185BeF7Bd1567E835E44683600D
TARGET_DISABLED_STATE (write true): true
Prepared 3 config updates
- Disable shift creation | ShiftHandler (0x15fc0f69338A205758a23020dD2CDcbc62e2bFaA)
- Disable shift cancellation | ShiftHandler (0x15fc0f69338A205758a23020dD2CDcbc62e2bFaA)
- Disable shift execution | ShiftHandler (0x15fc0f69338A205758a23020dD2CDcbc62e2bFaA)
callStatic passed
tx sent: 0x584347769a24c76594e2c8df4f06d30c42890dd96a09c127b52eb54bc58c3a72
tx mined
ConfigKeeper: 0x6DdBBB0834084185BeF7Bd1567E835E44683600D
TARGET_DISABLED_STATE (write true): true
Prepared 1 config updates
- Disable JIT execution path | JitOrderHandler (0x373bFe5Daf6bE806C76389B7CBb1C51203B839C0)
callStatic passed
tx sent: 0x49be99dd148243c92bb808e8f89d68b60e8290abd93888a376a91ee09bef4aa3
tx mined
ConfigKeeper: 0x6DdBBB0834084185BeF7Bd1567E835E44683600D
TARGET_DISABLED_STATE (write true): true
Prepared 3 config updates
- Disable subaccount delegation flows | SubaccountRouter (0x855F8B36b0bac7D0550fd7D298E0F917e799Fd72)
- Disable subaccount delegation flows | SubaccountGelatoRelayRouter (0x306d515344722D81Bc526D8e64515e5d8c6Aaf0F)
- Disable subaccount delegation flows | MultichainSubaccountRouter (0xe1225Ab423a937E69fb7e136f4bA95dC89E2fdd5)
callStatic passed
tx sent: 0x3b1b6c72dc5aba4f981016065bfd9f089cdbf895088065ebca9dcec31d7ad518
tx mined
ConfigKeeper: 0x6DdBBB0834084185BeF7Bd1567E835E44683600D
TARGET_DISABLED_STATE (write true): true
Prepared 8 config updates
- Disable gasless relay flows | GelatoRelayRouter (0xD98541EC48644cFF9Df2bB21b38AF410510dD332)
- Disable gasless relay flows | SubaccountGelatoRelayRouter (0x306d515344722D81Bc526D8e64515e5d8c6Aaf0F)
- Disable gasless relay flows | MultichainClaimsRouter (0x29ea35960b27999F8359D6a8653B1F3aF2a95d0D)
- Disable gasless relay flows | MultichainTransferRouter (0x9cd16FD121ece705f9b1bb3FD06CEC9bFF0C501C)
- Disable gasless relay flows | MultichainOrderRouter (0x4E07f7E6acBB63B32DDc809bcfF86EAE3Ae4139F)
- Disable gasless relay flows | MultichainGmRouter (0x46A367D5FD1Da5033A2547BB3e635f17B8aD8d6e)
- Disable gasless relay flows | MultichainGlvRouter (0xf299019f534668aCf789a03d936fbab02c626cC4)
- Disable gasless relay flows | MultichainSubaccountRouter (0xe1225Ab423a937E69fb7e136f4bA95dC89E2fdd5)
callStatic passed
tx sent: 0x0eb1ff3a554333e6fb855966f7fb4bcbaa5dbd75a9e54245eed8a8bd7bdc72d9
tx mined
ConfigKeeper: 0x6DdBBB0834084185BeF7Bd1567E835E44683600D
TARGET_DISABLED_STATE (write true): true
Prepared 1 config updates
- Disable atomic withdrawal execution | WithdrawalHandler (0x7b6C6A054cAb2D02c963aB090f2f3797F5F89eA7)
callStatic passed
tx sent: 0x586f926b6dd83457034ef8c4ff4a1b021b975259f843ce9c5105ec11c536f9d3
tx mined
TARGET_DISABLED_STATE (expected bool): true
CREATE_SHIFT_FEATURE_DISABLED module=ShiftHandler (0x15fc0f69338A205758a23020dD2CDcbc62e2bFaA) expected=true actual=true
CANCEL_SHIFT_FEATURE_DISABLED module=ShiftHandler (0x15fc0f69338A205758a23020dD2CDcbc62e2bFaA) expected=true actual=true
EXECUTE_SHIFT_FEATURE_DISABLED module=ShiftHandler (0x15fc0f69338A205758a23020dD2CDcbc62e2bFaA) expected=true actual=true
EXECUTE_ATOMIC_WITHDRAWAL_FEATURE_DISABLED module=WithdrawalHandler (0x7b6C6A054cAb2D02c963aB090f2f3797F5F89eA7) expected=true actual=true
JIT_FEATURE_DISABLED module=JitOrderHandler (0x373bFe5Daf6bE806C76389B7CBb1C51203B839C0) expected=true actual=true
SUBACCOUNT_FEATURE_DISABLED module=SubaccountRouter (0x855F8B36b0bac7D0550fd7D298E0F917e799Fd72) expected=true actual=true
SUBACCOUNT_FEATURE_DISABLED module=SubaccountGelatoRelayRouter (0x306d515344722D81Bc526D8e64515e5d8c6Aaf0F) expected=true actual=true
SUBACCOUNT_FEATURE_DISABLED module=MultichainSubaccountRouter (0xe1225Ab423a937E69fb7e136f4bA95dC89E2fdd5) expected=true actual=true
GASLESS_FEATURE_DISABLED module=GelatoRelayRouter (0xD98541EC48644cFF9Df2bB21b38AF410510dD332) expected=true actual=true
GASLESS_FEATURE_DISABLED module=SubaccountGelatoRelayRouter (0x306d515344722D81Bc526D8e64515e5d8c6Aaf0F) expected=true actual=true
GASLESS_FEATURE_DISABLED module=MultichainClaimsRouter (0x29ea35960b27999F8359D6a8653B1F3aF2a95d0D) expected=true actual=true
GASLESS_FEATURE_DISABLED module=MultichainTransferRouter (0x9cd16FD121ece705f9b1bb3FD06CEC9bFF0C501C) expected=true actual=true
GASLESS_FEATURE_DISABLED module=MultichainOrderRouter (0x4E07f7E6acBB63B32DDc809bcfF86EAE3Ae4139F) expected=true actual=true
GASLESS_FEATURE_DISABLED module=MultichainGmRouter (0x46A367D5FD1Da5033A2547BB3e635f17B8aD8d6e) expected=true actual=true
GASLESS_FEATURE_DISABLED module=MultichainGlvRouter (0xf299019f534668aCf789a03d936fbab02c626cC4) expected=true actual=true
GASLESS_FEATURE_DISABLED module=MultichainSubaccountRouter (0xe1225Ab423a937E69fb7e136f4bA95dC89E2fdd5) expected=true actual=true

Verification passed: all feature flags matched expected state.
Completed config orchestrator.
